// Jest Snapshot v1, https://goo.gl/fbAQLP

exports[`HomeHero renders correctly 1`] = `
<section
  className="css-kwenbi"
>
  <div
    className="css-sdcyqc"
  >
    <div
      className="css-1l4bxlm"
    >
      <div
        className="css-m90dr8"
        dangerouslySetInnerHTML={
          Object {
            "__html": "<h1>hero title</h1>",
          }
        }
      />
      <div
        className="css-1wdsh1s"
        dangerouslySetInnerHTML={
          Object {
            "__html": "<p>hero description</p>",
          }
        }
      />
      <div>
        <a
          className="css-e1lh64"
          href="/contact"
          inverted={false}
        >
          hero cta
        </a>
      </div>
    </div>
    <div
      className="css-x03n0l"
    >
      <ul
        className="css-i0unku"
      >
        <li
          className="css-ecly76"
        >
          <img
            alt="logo 1"
            src="https://www.example.com/logo_1.svg"
          />
        </li>
        <li
          className="css-ecly76"
        >
          <img
            alt="logo 2"
            src="https://www.example.com/logo_2.svg"
          />
        </li>
      </ul>
    </div>
  </div>
</section>
`;
