// Jest Snapshot v1, https://goo.gl/fbAQLP

exports[`RequestDemo renders correctly 1`] = `
<section
  className="css-ttxm7f"
>
  <h2
    className="css-12lyth5"
  >
    Request a demo
  </h2>
  <div
    className="css-1y4oxou"
  >
    We’d love to hear from you. Reach out and we’ll find a time to connect to learn more about your business, specific challenges, and walk through a demo customized for you.
  </div>
  <a
    className="css-e1lh64"
    href="/contact"
  >
    Request a demo
  </a>
</section>
`;
